SchedulerManager 综合测试报告
生成时间: 2025-06-13 22:57:32

测试环境信息:
操作系统: Windows
测试时间: 2025-06-13 22:57:32

测试结果摘要:
总测试数: 14
通过测试: 14
失败测试: 0
通过率: 100%

详细测试结果:
==============================================
测试名称: 并发访问模拟
详细信息:
并发测试详情:
- 总操作数: 1000
- 总用时: 3212 ms
- 平均操作时间: 3.212 ms
- 查询操作: 337 次 (337 成功)
- 插入操作: 318 次 (318 成功)
- 删除操作: 345 次 (345 成功)
- 总成功率: 1000/1000 (100%)
----------------------------------------------
测试名称: 大数据量内存测试
详细信息:
插入性能:
- 总插入时间: 7132 ms
- 平均每条记录插入时间: 3.566 ms

查询性能:
- 总查询时间: 71 ms
- 平均查询时间: 70.878 μs
- 最长查询时间: 349 μs
- 最短查询时间: 60 μs

性能要求:
- 平均查询时间应小于200微秒
- 最长查询时间应小于1毫秒
----------------------------------------------
